2026-05-18 19:07:52.512 | INFO     | __main__:__init__:18 - Initializing Master Quantitative Trading Engine...
2026-05-18 19:07:52.512 | WARNING  | core.notifier:__init__:16 - Telegram credentials missing or incomplete. Notifier running in log-only mode.
2026-05-18 19:07:52.516 | SUCCESS  | __main__:__init__:33 - Master Brain connected to trained XGBoost Meta-Model.
2026-05-18 19:07:52.516 | SUCCESS  | __main__:start_infinite_loop:113 - Engine successfully deployed live into production.
2026-05-18 19:07:52.517 | INFO     | __main__:run_cycle:40 - New market cycle triggered. Fetching direct public data bars...
2026-05-18 19:07:53.904 | INFO     | __main__:run_cycle:56 - Market Telemetry // Price: $2,124.60 // ADX: 70.44
2026-05-18 19:07:53.907 | INFO     | core.logger:log_session_snapshot:46 - Successfully persisted hourly market snapshot to filesystem records.
2026-05-18 19:07:53.907 | INFO     | __main__:run_cycle:106 - Signal Pipeline Status: Scan complete. No strategy setups confirmed.
2026-05-18 19:07:53.907 | INFO     | __main__:start_infinite_loop:117 - Sleeping execution thread for 1 hour until next candle close...
2026-05-18 21:24:22.141 | INFO     | __main__:run_cycle:40 - New market cycle triggered. Fetching direct public data bars...
2026-05-18 21:24:22.787 | INFO     | __main__:run_cycle:56 - Market Telemetry // Price: $2,106.31 // ADX: 63.76
2026-05-18 21:24:22.797 | INFO     | core.logger:log_session_snapshot:46 - Successfully persisted hourly market snapshot to filesystem records.
2026-05-18 21:24:22.797 | INFO     | __main__:run_cycle:106 - Signal Pipeline Status: Scan complete. No strategy setups confirmed.
2026-05-18 21:24:22.797 | INFO     | __main__:start_infinite_loop:117 - Sleeping execution thread for 1 hour until next candle close...
2026-05-19 01:57:21.574 | INFO     | __main__:run_cycle:40 - New market cycle triggered. Fetching direct public data bars...
2026-05-19 01:57:22.033 | INFO     | __main__:run_cycle:56 - Market Telemetry // Price: $2,126.52 // ADX: 44.35
2026-05-19 01:57:22.037 | INFO     | core.logger:log_session_snapshot:46 - Successfully persisted hourly market snapshot to filesystem records.
2026-05-19 01:57:22.037 | INFO     | __main__:run_cycle:106 - Signal Pipeline Status: Scan complete. No strategy setups confirmed.
2026-05-19 01:57:22.037 | INFO     | __main__:start_infinite_loop:117 - Sleeping execution thread for 1 hour until next candle close...
2026-05-19 03:18:45.797 | INFO     | __main__:run_cycle:40 - New market cycle triggered. Fetching direct public data bars...
2026-05-19 03:18:46.412 | INFO     | __main__:run_cycle:56 - Market Telemetry // Price: $2,134.15 // ADX: 39.62
2026-05-19 03:18:46.417 | INFO     | core.logger:log_session_snapshot:46 - Successfully persisted hourly market snapshot to filesystem records.
2026-05-19 03:18:46.417 | INFO     | __main__:run_cycle:106 - Signal Pipeline Status: Scan complete. No strategy setups confirmed.
2026-05-19 03:18:46.417 | INFO     | __main__:start_infinite_loop:117 - Sleeping execution thread for 1 hour until next candle close...
